Must Do-

Create a folder ninja at the root level of your cloned code

ubuntu@ip-172-31-43-140:~$ cd mageia/
ubuntu@ip-172-31-43-140:~/mageia$
ubuntu@ip-172-31-43-140:~/mageia$ git branch
  Heena
* deepak
  sahil
ubuntu@ip-172-31-43-140:~/mageia$
ubuntu@ip-172-31-43-140:~/mageia$ pwd
/home/ubuntu/mageia
ubuntu@ip-172-31-43-140:~/mageia$ ls -l
total 8
-rwxrwxr-x 1 ubuntu ubuntu 70 Sep 12 09:48 first.sh
-rw-rw-r-- 1 ubuntu ubuntu 31 Sep 12 09:49 test

ubuntu@ip-172-31-43-140:~/mageia$ mkdir ninja
ubuntu@ip-172-31-43-140:~/mageia$ cd ninja/
ubuntu@ip-172-31-43-140:~/mageia/ninja$ ls
ubuntu@ip-172-31-43-140:~/mageia/ninja$



Add a file README.md with content "Trying fast forward merge"

ubuntu@ip-172-31-43-140:~/mageia/ninja$ vim Readme.md
ubuntu@ip-172-31-43-140:~/mageia/ninja$ ls -l
total 4
-rw-rw-r-- 1 ubuntu ubuntu 26 Sep 14 06:26 Readme.md
ubuntu@ip-172-31-43-140:~/mageia/ninja$ cat Readme.md
trying fast forward merge

Create a branch ninja and move to it

ubuntu@ip-172-31-43-140:~/mageia/ninja$ git checkout -b ninja
Switched to a new branch 'ninja'
ubuntu@ip-172-31-43-140:~/mageia/ninja$ git branch
  Heena
  deepak
* ninja
  sahil




Run git status command

ubuntu@ip-172-31-43-140:~/mageia/ninja$ git status
On branch ninja
Untracked files:
  (use "git add <file>..." to include in what will be committed)

        ./

nothing added to commit but untracked files present (use "git add" to track)


Commit your changes to ninja branch

ubuntu@ip-172-31-43-140:~/mageia/ninja$ git add Readme.md
ubuntu@ip-172-31-43-140:~/mageia/ninja$ git status
On branch ninja
Changes to be committed:
  (use "git reset HEAD <file>..." to unstage)

        new file:   Readme.md


ubuntu@ip-172-31-43-140:~/mageia/ninja$ git commit -m "commiting Readme.md file"
[ninja 91b995c] commiting Readme.md file
 Committer: Ubuntu <ubuntu@ip-172-31-43-140.ec2.internal>
Your name and email address were configured automatically based
on your username and hostname. Please check that they are accurate.
You can suppress this message by setting them explicitly. Run the
following command and follow the instructions in your editor to edit
your configuration file:

    git config --global --edit

After doing this, you may fix the identity used for this commit with:

    git commit --amend --reset-author

 1 file changed, 1 insertion(+)
 create mode 100644 ninja/Readme.md


ubuntu@ip-172-31-43-140:~/mageia/ninja$ git status
On branch ninja
nothing to commit, working tree clean




Merge ninja branch to master branch make sure that a new commit get's created

ubuntu@ip-172-31-43-140:~/mageia/ninja$ git log
commit 91b995c4f213e40d9305efb257d5b71401b4300c (HEAD -> ninja)
Author: Ubuntu <ubuntu@ip-172-31-43-140.ec2.internal>
Date:   Mon Sep 14 06:33:55 2020 +0000

    commiting Readme.md file

ubuntu@ip-172-31-43-140:~/mageia$ git merge --no-ff ninja
Merge made by the 'recursive' strategy.
 first.sh        | 4 ++++
 ninja/Readme.md | 1 +
 test            | 1 +
 3 files changed, 6 insertions(+)
 create mode 100755 first.sh
 create mode 100644 ninja/Readme.md
 create mode 100644 test

ubuntu@ip-172-31-43-140:~/mageia$ git log
commit 6e0cdd797baf60bea28e2fc89e0cf1c02c7ce278 (HEAD -> master)
Merge: f2d3c5a 5e3ea78
Author: deepak <deepak.adhikari@mygurukulam.org>
Date:   Mon Sep 14 07:35:44 2020 +0000

    Merge branch 'ninja'



Assuming you are in master branch, modify README.md with content Changes in master branch, commit the changes in master branch.

ubuntu@ip-172-31-43-140:~/mageia/ninja$ vim Readme.md
ubuntu@ip-172-31-43-140:~/mageia/ninja$ cat Readme.md
trying fast forward merge

ninja is on master branch and editting this file.

ubuntu@ip-172-31-43-140:~/mageia/ninja$ git status
On branch master
Your branch is ahead of 'origin/master' by 5 commits.
  (use "git push" to publish your local commits)

Changes not staged for commit:
  (use "git add <file>..." to update what will be committed)
  (use "git checkout -- <file>..." to discard changes in working directory)

        modified:   Readme.md

no changes added to commit (use "git add" and/or "git commit -a")
ubuntu@ip-172-31-43-140:~/mageia/ninja$
ubuntu@ip-172-31-43-140:~/mageia/ninja$ git add Readme.md
ubuntu@ip-172-31-43-140:~/mageia/ninja$ git status
On branch master
Your branch is ahead of 'origin/master' by 5 commits.
  (use "git push" to publish your local commits)

Changes to be committed:
  (use "git reset HEAD <file>..." to unstage)

        modified:   Readme.md

ubuntu@ip-172-31-43-140:~/mageia/ninja$ git commit -m "commiting the modified Readme.md"
[master 62c96fc] commiting the modified Readme.md
 1 file changed, 2 insertions(+)




Switch to ninja branch, modify README.md with content Changes in ninja branch, commit the changes in ninja branch.

ubuntu@ip-172-31-43-140:~/mageia/ninja$ git checkout ninja
Switched to branch 'ninja'
ubuntu@ip-172-31-43-140:~/mageia/ninja$ ls -l
total 4
-rw-rw-r-- 1 ubuntu ubuntu 26 Sep 14 08:18 Readme.md
ubuntu@ip-172-31-43-140:~/mageia/ninja$ vim Readme.md
ubuntu@ip-172-31-43-140:~/mageia/ninja$ git add Readme.md
ubuntu@ip-172-31-43-140:~/mageia/ninja$ git status
On branch ninja
Changes to be committed:
  (use "git reset HEAD <file>..." to unstage)

        modified:   Readme.md

ubuntu@ip-172-31-43-140:~/mageia/ninja$ git commit -m "commiting from ninja branch"
[ninja 7e1b920] commiting from ninja branch
 1 file changed, 2 insertions(+)



Merge the ninja branch to the branch in such a fashion that a merge conflict is generated and resolve it using the ours and theirs concept so that the changes of the ninja branch overrides changes in master branch

ubuntu@ip-172-31-43-140:~/mageia/ninja$ git commit -m "comitting new changes"
[ninja 74c4561] comitting new changes
 1 file changed, 2 insertions(+)
ubuntu@ip-172-31-43-140:~/mageia/ninja$
ubuntu@ip-172-31-43-140:~/mageia/ninja$
ubuntu@ip-172-31-43-140:~/mageia/ninja$ git push origin ninja
Username for 'https://gitlab.com': deepak4adh
Password for 'https://deepak4adh@gitlab.com':
Counting objects: 4, done.
Compressing objects: 100% (3/3), done.
Writing objects: 100% (4/4), 358 bytes | 358.00 KiB/s, done.
Total 4 (delta 2), reused 0 (delta 0)
remote:
remote: To create a merge request for ninja, visit:
remote:   https://gitlab.com/sahil.joseph/mageia/-/merge_requests/new?merge_request%5Bsource_branch%5D=ninja
remote:
To https://gitlab.com/sahil.joseph/mageia.git
   cfd9805..74c4561  ninja -> ninja
ubuntu@ip-172-31-43-140:~/mageia/ninja$
ubuntu@ip-172-31-43-140:~/mageia/ninja$
ubuntu@ip-172-31-43-140:~/mageia/ninja$ git merge --no-ff ninja
Already up to date.
ubuntu@ip-172-31-43-140:~/mageia/ninja$ git merge --no-ff master
Auto-merging ninja/Readme.md
CONFLICT (content): Merge conflict in ninja/Readme.md
Automatic merge failed; fix conflicts and then commit the result.
ubuntu@ip-172-31-43-140:~/mageia/ninja$ vim Readme.md


trying fast forward merge

<<<<<<< HEAD
Now I am on ninja branch and editting this file
This is ninja bro

=======
ninja is on master branch and editting this file
now i am changing from master
.
>>>>>>> master


ubuntu@ip-172-31-43-140:~/mageia/ninja$ git checkout --our ninja Readme.md
ubuntu@ip-172-31-43-140:~/mageia/ninja$ vim Readme.md



trying fast forward merge

Now I am on ninja branch and editting this file
This is ninja bro









ubuntu@ip-172-31-43-140:~/mageia/ninja$ git checkout --their ninja Readme.md
ubuntu@ip-172-31-43-140:~/mageia/ninja$
ubuntu@ip-172-31-43-140:~/mageia/ninja$ git status
On branch ninja
All conflicts fixed but you are still merging.
  (use "git commit" to conclude merge)

ubuntu@ip-172-31-43-140:~/mageia/ninja$ git status
On branch ninja
Your branch is up to date with 'origin/ninja'.

All conflicts fixed but you are still merging.
  (use "git commit" to conclude merge)





Revert the above merge commit

root@ip-172-31-43-140:/home/ubuntu/mageia/ninja# git revert f2d3c5a -m 1
[ninja fe3f3f1] Revert "My first commit"
 1 file changed, 3 deletions(-)
 delete mode 100644 check.sh


Merge master branch to ninja branch in such a fashion that changes of both branches gets accumulated.

Head should be in ninja.

------ working on it..






